******************************************************************************
                  TI ARM Linker PC v5.2.2                      
******************************************************************************
>> Linked Sun Mar 05 12:08:39 2017

OUTPUT FILE NAME:   <MercuryUART0.out>
ENTRY POINT SYMBOL: "_c_int00"  address: 00000a4d


MEMORY CONFIGURATION

         name            origin    length      used     unused   attr    fill
----------------------  --------  ---------  --------  --------  ----  --------
  FLASH                 00000000   00040000  00000f70  0003f090  R  X
  SRAM                  20000000   00008000  00000224  00007ddc  RW X


SEGMENT ALLOCATION MAP

run origin  load origin   length   init length attrs members
----------  ----------- ---------- ----------- ----- -------
00000000    00000000    00000f70   00000f70    r-x
  00000000    00000000    0000026c   0000026c    r-- .intvecs
  0000026c    0000026c    00000b58   00000b58    r-x .text
  00000dc4    00000dc4    0000016c   0000016c    r-- .const
  00000f30    00000f30    00000040   00000040    r-- .cinit
20000000    20000000    00000224   00000000    rw-
  20000000    20000000    00000200   00000000    rw- .stack
  20000200    20000200    0000001c   00000000    rw- .data
  2000021c    2000021c    00000008   00000000    rw- .bss


SECTION ALLOCATION MAP

 output                                  attributes/
section   page    origin      length       input sections
--------  ----  ----------  ----------   ----------------
.intvecs   0    00000000    0000026c     
                  00000000    0000026c     tm4c123gh6pm_startup_ccs.obj (.intvecs)

.text      0    0000026c    00000b58     
                  0000026c    0000025c     main.obj (.text)
                  000004c8    00000130     driverlib.lib : gpio.obj (.text:GPIOPadConfigSet)
                  000005f8    0000010c                   : sysctl.obj (.text:SysCtlClockGet)
                  00000704    000000f0                   : sysctl.obj (.text:SysCtlClockSet)
                  000007f4    0000009c     rtsv7M4_T_le_v4SPD16_eabi.lib : memcpy_t2.obj (.text)
                  00000890    0000007a                                   : memset_t2.obj (.text)
                  0000090a    00000002     --HOLE-- [fill = 0]
                  0000090c    0000006c                                   : autoinit.obj (.text)
                  00000978    0000006a                                   : copy_decompress_rle.obj (.text)
                  000009e2    00000002     --HOLE-- [fill = 0]
                  000009e4    00000068     driverlib.lib : interrupt.obj (.text:IntEnable)
                  00000a4c    00000050     rtsv7M4_T_le_v4SPD16_eabi.lib : boot.obj (.text)
                  00000a9c    0000004c                                   : cpy_tbl.obj (.text)
                  00000ae8    00000048     driverlib.lib : gpio.obj (.text:GPIOPinConfigure)
                  00000b30    00000044     rtsv7M4_T_le_v4SPD16_eabi.lib : exit.obj (.text)
                  00000b74    00000042     driverlib.lib : uart.obj (.text:UARTConfigSetExpClk)
                  00000bb6    00000002     --HOLE-- [fill = 0]
                  00000bb8    00000034                   : sysctl.obj (.text:SysCtlPeripheralEnable)
                  00000bec    0000002a                   : gpio.obj (.text:GPIODirModeSet)
                  00000c16    00000022                   : pwm.obj (.text:PWMGenConfigure)
                  00000c38    0000001e                   : pwm.obj (.text:PWMPulseWidthSet)
                  00000c56    00000002     --HOLE-- [fill = 0]
                  00000c58    0000001c                   : uart.obj (.text:UARTDisable)
                  00000c74    00000018                   : gpio.obj (.text:GPIOPinTypeGPIOOutput)
                  00000c8c    00000018     rtsv7M4_T_le_v4SPD16_eabi.lib : args_main.obj (.text)
                  00000ca4    00000014     driverlib.lib : sysctl.obj (.text:SysCtlPWMClockSet)
                  00000cb8    00000014                   : uart.obj (.text:UARTEnable)
                  00000ccc    00000014     rtsv7M4_T_le_v4SPD16_eabi.lib : _lock.obj (.text)
                  00000ce0    00000012     driverlib.lib : gpio.obj (.text:GPIOPinTypePWM)
                  00000cf2    00000012                   : gpio.obj (.text:GPIOPinTypeUART)
                  00000d04    00000012                   : pwm.obj (.text:PWMOutputState)
                  00000d16    00000010                   : interrupt.obj (.text:IntMasterEnable)
                  00000d26    00000010                   : pwm.obj (.text:PWMGenPeriodSet)
                  00000d36    0000000e                   : uart.obj (.text:UARTCharGetNonBlocking)
                  00000d44    0000000e     rtsv7M4_T_le_v4SPD16_eabi.lib : copy_decompress_none.obj (.text:decompress:none)
                  00000d52    0000000c     driverlib.lib : cpu.obj (.text:CPUcpsie)
                  00000d5e    0000000c                   : pwm.obj (.text:PWMGenEnable)
                  00000d6a    0000000c                   : uart.obj (.text:UARTCharsAvail)
                  00000d76    0000000c     rtsv7M4_T_le_v4SPD16_eabi.lib : copy_zero_init.obj (.text:decompress:ZI)
                  00000d82    0000000c     tm4c123gh6pm_startup_ccs.obj (.text)
                  00000d8e    0000000a     driverlib.lib : uart.obj (.text:UARTCharPut)
                  00000d98    0000000a                   : uart.obj (.text:UARTIntStatus)
                  00000da2    00000008                   : uart.obj (.text:UARTIntEnable)
                  00000daa    00000006                   : gpio.obj (.text:GPIOPinWrite)
                  00000db0    00000006                   : sysctl.obj (.text:SysCtlDelay)
                  00000db6    00000006     rtsv7M4_T_le_v4SPD16_eabi.lib : copy_decompress_rle.obj (.text:decompress:rle24)
                  00000dbc    00000004     driverlib.lib : uart.obj (.text:UARTIntClear)
                  00000dc0    00000004     rtsv7M4_T_le_v4SPD16_eabi.lib : pre_init.obj (.text)

.const     0    00000dc4    0000016c     
                  00000dc4    00000090     driverlib.lib : gpio.obj (.const:g_pui32GPIOBaseAddrs)
                  00000e54    00000070                   : interrupt.obj (.const)
                  00000ec4    0000006c                   : sysctl.obj (.const:g_pui32Xtals)

.cinit     0    00000f30    00000040     
                  00000f30    00000016     (.cinit..data.load) [load image, compression = rle]
                  00000f46    00000002     --HOLE-- [fill = 0]
                  00000f48    0000000c     (__TI_handler_table)
                  00000f54    00000004     --HOLE-- [fill = 0]
                  00000f58    00000008     (.cinit..bss.load) [load image, compression = zero_init]
                  00000f60    00000010     (__TI_cinit_table)

.init_array 
*          0    00000000    00000000     UNINITIALIZED

.stack     0    20000000    00000200     UNINITIALIZED
                  20000000    00000200     --HOLE--

.data      0    20000200    0000001c     UNINITIALIZED
                  20000200    00000008     rtsv7M4_T_le_v4SPD16_eabi.lib : _lock.obj (.data)
                  20000208    00000008                                   : exit.obj (.data)
                  20000210    00000006     main.obj (.data)
                  20000216    00000002     --HOLE--
                  20000218    00000004     rtsv7M4_T_le_v4SPD16_eabi.lib : stkdepth_vars.obj (.data)

.bss       0    2000021c    00000008     UNINITIALIZED
                  2000021c    00000004     (.common:Load)
                  20000220    00000004     (.common:PWMClock)

.TI.persistent 
*          0    20000200    00000000     UNINITIALIZED

.TI.noinit 
*          0    2000021c    00000000     UNINITIALIZED


LINKER GENERATED COPY TABLES

__TI_cinit_table @ 00000f60 records: 2, size/record: 8, table size: 16
	.data: load addr=00000f30, load size=00000016 bytes, run addr=20000200, run size=0000001c bytes, compression=rle
	.bss: load addr=00000f58, load size=00000008 bytes, run addr=2000021c, run size=00000008 bytes, compression=zero_init


LINKER GENERATED HANDLER TABLE

__TI_handler_table @ 00000f48 records: 3, size/record: 4, table size: 12
	index: 0, handler: __TI_decompress_rle24
	index: 1, handler: __TI_decompress_none
	index: 2, handler: __TI_zero_init


GLOBAL SYMBOLS: SORTED ALPHABETICALLY BY Name 

address   name                    
-------   ----                    
00000b31  C$$EXIT                 
00000d53  CPUcpsie                
20000210  Duty_Cycle_A            
20000211  Duty_Cycle_B            
20000214  FRONT_LED               
00000bed  GPIODirModeSet          
000004c9  GPIOPadConfigSet        
00000ae9  GPIOPinConfigure        
00000c75  GPIOPinTypeGPIOOutput   
00000ce1  GPIOPinTypePWM          
00000cf3  GPIOPinTypeUART         
00000dab  GPIOPinWrite            
000009e5  IntEnable               
00000d17  IntMasterEnable         
2000021c  Load                    
20000220  PWMClock                
00000c17  PWMGenConfigure         
00000d5f  PWMGenEnable            
00000d27  PWMGenPeriodSet         
00000d05  PWMOutputState          
00000c39  PWMPulseWidthSet        
0000026d  PWM_Init                
00000d83  ResetISR                
UNDEFED   SHT$$INIT_ARRAY$$Base   
UNDEFED   SHT$$INIT_ARRAY$$Limit  
000005f9  SysCtlClockGet          
00000705  SysCtlClockSet          
00000db1  SysCtlDelay             
00000ca5  SysCtlPWMClockSet       
00000bb9  SysCtlPeripheralEnable  
00000d37  UARTCharGetNonBlocking  
00000d8f  UARTCharPut             
00000d6b  UARTCharsAvail          
00000b75  UARTConfigSetExpClk     
00000c59  UARTDisable             
00000cb9  UARTEnable              
00000dbd  UARTIntClear            
00000da3  UARTIntEnable           
000002bb  UARTIntHandler          
00000d99  UARTIntStatus           
20000200  __STACK_END             
00000200  __STACK_SIZE            
20000200  __STACK_TOP             
00000f60  __TI_CINIT_Base         
00000f70  __TI_CINIT_Limit        
00000f48  __TI_Handler_Table_Base 
00000f54  __TI_Handler_Table_Limit
0000090d  __TI_auto_init          
20000208  __TI_cleanup_ptr        
00000d45  __TI_decompress_none    
00000db7  __TI_decompress_rle24   
2000020c  __TI_dtors_ptr          
00000000  __TI_static_base__      
00000d77  __TI_zero_init          
00000891  __aeabi_memclr          
00000891  __aeabi_memclr4         
00000891  __aeabi_memclr8         
000007f5  __aeabi_memcpy          
000007f5  __aeabi_memcpy4         
000007f5  __aeabi_memcpy8         
00000893  __aeabi_memset          
00000893  __aeabi_memset4         
00000893  __aeabi_memset8         
ffffffff  __binit__               
ffffffff  __c_args__              
20000000  __stack                 
00000c8d  _args_main              
00000a4d  _c_int00                
20000200  _lock                   
00000cdb  _nop                    
00000cd3  _register_lock          
00000ccd  _register_unlock        
00000dc1  _system_pre_init        
20000204  _unlock                 
00000b35  abort                   
ffffffff  binit                   
20000212  command                 
00000a9d  copy_in                 
00000b3d  exit                    
00000000  g_pfnVectors            
00000315  main                    
20000218  main_func_sp            
000007f5  memcpy                  
00000899  memset                  


GLOBAL SYMBOLS: SORTED BY Symbol Address 

address   name                    
-------   ----                    
00000000  __TI_static_base__      
00000000  g_pfnVectors            
00000200  __STACK_SIZE            
0000026d  PWM_Init                
000002bb  UARTIntHandler          
00000315  main                    
000004c9  GPIOPadConfigSet        
000005f9  SysCtlClockGet          
00000705  SysCtlClockSet          
000007f5  __aeabi_memcpy          
000007f5  __aeabi_memcpy4         
000007f5  __aeabi_memcpy8         
000007f5  memcpy                  
00000891  __aeabi_memclr          
00000891  __aeabi_memclr4         
00000891  __aeabi_memclr8         
00000893  __aeabi_memset          
00000893  __aeabi_memset4         
00000893  __aeabi_memset8         
00000899  memset                  
0000090d  __TI_auto_init          
000009e5  IntEnable               
00000a4d  _c_int00                
00000a9d  copy_in                 
00000ae9  GPIOPinConfigure        
00000b31  C$$EXIT                 
00000b35  abort                   
00000b3d  exit                    
00000b75  UARTConfigSetExpClk     
00000bb9  SysCtlPeripheralEnable  
00000bed  GPIODirModeSet          
00000c17  PWMGenConfigure         
00000c39  PWMPulseWidthSet        
00000c59  UARTDisable             
00000c75  GPIOPinTypeGPIOOutput   
00000c8d  _args_main              
00000ca5  SysCtlPWMClockSet       
00000cb9  UARTEnable              
00000ccd  _register_unlock        
00000cd3  _register_lock          
00000cdb  _nop                    
00000ce1  GPIOPinTypePWM          
00000cf3  GPIOPinTypeUART         
00000d05  PWMOutputState          
00000d17  IntMasterEnable         
00000d27  PWMGenPeriodSet         
00000d37  UARTCharGetNonBlocking  
00000d45  __TI_decompress_none    
00000d53  CPUcpsie                
00000d5f  PWMGenEnable            
00000d6b  UARTCharsAvail          
00000d77  __TI_zero_init          
00000d83  ResetISR                
00000d8f  UARTCharPut             
00000d99  UARTIntStatus           
00000da3  UARTIntEnable           
00000dab  GPIOPinWrite            
00000db1  SysCtlDelay             
00000db7  __TI_decompress_rle24   
00000dbd  UARTIntClear            
00000dc1  _system_pre_init        
00000f48  __TI_Handler_Table_Base 
00000f54  __TI_Handler_Table_Limit
00000f60  __TI_CINIT_Base         
00000f70  __TI_CINIT_Limit        
20000000  __stack                 
20000200  __STACK_END             
20000200  __STACK_TOP             
20000200  _lock                   
20000204  _unlock                 
20000208  __TI_cleanup_ptr        
2000020c  __TI_dtors_ptr          
20000210  Duty_Cycle_A            
20000211  Duty_Cycle_B            
20000212  command                 
20000214  FRONT_LED               
20000218  main_func_sp            
2000021c  Load                    
20000220  PWMClock                
ffffffff  __binit__               
ffffffff  __c_args__              
ffffffff  binit                   
UNDEFED   SHT$$INIT_ARRAY$$Base   
UNDEFED   SHT$$INIT_ARRAY$$Limit  

[84 symbols]
