******************************************************************************
                  TI ARM Linker PC v5.2.2                      
******************************************************************************
>> Linked Thu Mar 02 00:17:48 2017

OUTPUT FILE NAME:   <Mercury.out>
ENTRY POINT SYMBOL: "_c_int00"  address: 000009dd


MEMORY CONFIGURATION

         name            origin    length      used     unused   attr    fill
----------------------  --------  ---------  --------  --------  ----  --------
  FLASH                 00000000   00040000  00000ed8  0003f128  R  X
  SRAM                  20000000   00008000  0000021d  00007de3  RW X


SEGMENT ALLOCATION MAP

run origin  load origin   length   init length attrs members
----------  ----------- ---------- ----------- ----- -------
00000000    00000000    00000ed8   00000ed8    r-x
  00000000    00000000    0000026c   0000026c    r-- .intvecs
  0000026c    0000026c    00000ac8   00000ac8    r-x .text
  00000d34    00000d34    0000016c   0000016c    r-- .const
  00000ea0    00000ea0    00000038   00000038    r-- .cinit
20000000    20000000    0000021d   00000000    rw-
  20000000    20000000    00000200   00000000    rw- .stack
  20000200    20000200    00000014   00000000    rw- .data
  20000214    20000214    00000009   00000000    rw- .bss


SECTION ALLOCATION MAP

 output                                  attributes/
section   page    origin      length       input sections
--------  ----  ----------  ----------   ----------------
.intvecs   0    00000000    0000026c     
                  00000000    0000026c     tm4c123gh6pm_startup_ccs.obj (.intvecs)

.text      0    0000026c    00000ac8     
                  0000026c    000001ec     main.obj (.text)
                  00000458    00000130     driverlib.lib : gpio.obj (.text:GPIOPadConfigSet)
                  00000588    0000010c                   : sysctl.obj (.text:SysCtlClockGet)
                  00000694    000000f0                   : sysctl.obj (.text:SysCtlClockSet)
                  00000784    0000009c     rtsv7M4_T_le_v4SPD16_eabi.lib : memcpy_t2.obj (.text)
                  00000820    0000007a                                   : memset_t2.obj (.text)
                  0000089a    00000002     --HOLE-- [fill = 0]
                  0000089c    0000006c                                   : autoinit.obj (.text)
                  00000908    0000006a                                   : copy_decompress_rle.obj (.text)
                  00000972    00000002     --HOLE-- [fill = 0]
                  00000974    00000068     driverlib.lib : interrupt.obj (.text:IntEnable)
                  000009dc    00000050     rtsv7M4_T_le_v4SPD16_eabi.lib : boot.obj (.text)
                  00000a2c    0000004c                                   : cpy_tbl.obj (.text)
                  00000a78    00000048     driverlib.lib : gpio.obj (.text:GPIOPinConfigure)
                  00000ac0    00000044     rtsv7M4_T_le_v4SPD16_eabi.lib : exit.obj (.text)
                  00000b04    00000042     driverlib.lib : uart.obj (.text:UARTConfigSetExpClk)
                  00000b46    00000002     --HOLE-- [fill = 0]
                  00000b48    00000034                   : sysctl.obj (.text:SysCtlPeripheralEnable)
                  00000b7c    0000002a                   : gpio.obj (.text:GPIODirModeSet)
                  00000ba6    00000022                   : pwm.obj (.text:PWMGenConfigure)
                  00000bc8    0000001c                   : uart.obj (.text:UARTDisable)
                  00000be4    00000018                   : gpio.obj (.text:GPIOPinTypeGPIOOutput)
                  00000bfc    00000018     rtsv7M4_T_le_v4SPD16_eabi.lib : args_main.obj (.text)
                  00000c14    00000014     driverlib.lib : sysctl.obj (.text:SysCtlPWMClockSet)
                  00000c28    00000014                   : uart.obj (.text:UARTEnable)
                  00000c3c    00000014     rtsv7M4_T_le_v4SPD16_eabi.lib : _lock.obj (.text)
                  00000c50    00000012     driverlib.lib : gpio.obj (.text:GPIOPinTypePWM)
                  00000c62    00000012                   : gpio.obj (.text:GPIOPinTypeUART)
                  00000c74    00000012                   : pwm.obj (.text:PWMOutputState)
                  00000c86    00000010                   : interrupt.obj (.text:IntMasterEnable)
                  00000c96    00000010                   : pwm.obj (.text:PWMGenPeriodSet)
                  00000ca6    0000000e                   : uart.obj (.text:UARTCharGetNonBlocking)
                  00000cb4    0000000e     rtsv7M4_T_le_v4SPD16_eabi.lib : copy_decompress_none.obj (.text:decompress:none)
                  00000cc2    0000000c     driverlib.lib : cpu.obj (.text:CPUcpsie)
                  00000cce    0000000c                   : pwm.obj (.text:PWMGenEnable)
                  00000cda    0000000c                   : uart.obj (.text:UARTCharsAvail)
                  00000ce6    0000000c     rtsv7M4_T_le_v4SPD16_eabi.lib : copy_zero_init.obj (.text:decompress:ZI)
                  00000cf2    0000000c     tm4c123gh6pm_startup_ccs.obj (.text)
                  00000cfe    0000000a     driverlib.lib : uart.obj (.text:UARTCharPut)
                  00000d08    0000000a                   : uart.obj (.text:UARTIntStatus)
                  00000d12    00000008                   : uart.obj (.text:UARTIntEnable)
                  00000d1a    00000006                   : gpio.obj (.text:GPIOPinWrite)
                  00000d20    00000006                   : sysctl.obj (.text:SysCtlDelay)
                  00000d26    00000006     rtsv7M4_T_le_v4SPD16_eabi.lib : copy_decompress_rle.obj (.text:decompress:rle24)
                  00000d2c    00000004     driverlib.lib : uart.obj (.text:UARTIntClear)
                  00000d30    00000004     rtsv7M4_T_le_v4SPD16_eabi.lib : pre_init.obj (.text)

.const     0    00000d34    0000016c     
                  00000d34    00000090     driverlib.lib : gpio.obj (.const:g_pui32GPIOBaseAddrs)
                  00000dc4    00000070                   : interrupt.obj (.const)
                  00000e34    0000006c                   : sysctl.obj (.const:g_pui32Xtals)

.cinit     0    00000ea0    00000038     
                  00000ea0    0000000f     (.cinit..data.load) [load image, compression = rle]
                  00000eaf    00000001     --HOLE-- [fill = 0]
                  00000eb0    0000000c     (__TI_handler_table)
                  00000ebc    00000004     --HOLE-- [fill = 0]
                  00000ec0    00000008     (.cinit..bss.load) [load image, compression = zero_init]
                  00000ec8    00000010     (__TI_cinit_table)

.init_array 
*          0    00000000    00000000     UNINITIALIZED

.stack     0    20000000    00000200     UNINITIALIZED
                  20000000    00000200     --HOLE--

.data      0    20000200    00000014     UNINITIALIZED
                  20000200    00000008     rtsv7M4_T_le_v4SPD16_eabi.lib : _lock.obj (.data)
                  20000208    00000008                                   : exit.obj (.data)
                  20000210    00000004                                   : stkdepth_vars.obj (.data)

.bss       0    20000214    00000009     UNINITIALIZED
                  20000214    00000004     (.common:Load)
                  20000218    00000004     (.common:PWMClock)
                  2000021c    00000001     (.common:command)

.TI.persistent 
*          0    20000200    00000000     UNINITIALIZED

.TI.noinit 
*          0    20000214    00000000     UNINITIALIZED


LINKER GENERATED COPY TABLES

__TI_cinit_table @ 00000ec8 records: 2, size/record: 8, table size: 16
	.data: load addr=00000ea0, load size=0000000f bytes, run addr=20000200, run size=00000014 bytes, compression=rle
	.bss: load addr=00000ec0, load size=00000008 bytes, run addr=20000214, run size=00000009 bytes, compression=zero_init


LINKER GENERATED HANDLER TABLE

__TI_handler_table @ 00000eb0 records: 3, size/record: 4, table size: 12
	index: 0, handler: __TI_decompress_rle24
	index: 1, handler: __TI_decompress_none
	index: 2, handler: __TI_zero_init


GLOBAL SYMBOLS: SORTED ALPHABETICALLY BY Name 

address   name                    
-------   ----                    
00000ac1  C$$EXIT                 
00000cc3  CPUcpsie                
00000b7d  GPIODirModeSet          
00000459  GPIOPadConfigSet        
00000a79  GPIOPinConfigure        
00000be5  GPIOPinTypeGPIOOutput   
00000c51  GPIOPinTypePWM          
00000c63  GPIOPinTypeUART         
00000d1b  GPIOPinWrite            
00000975  IntEnable               
00000c87  IntMasterEnable         
20000214  Load                    
20000218  PWMClock                
00000ba7  PWMGenConfigure         
00000ccf  PWMGenEnable            
00000c97  PWMGenPeriodSet         
00000c75  PWMOutputState          
0000026d  PWM_Init                
00000cf3  ResetISR                
UNDEFED   SHT$$INIT_ARRAY$$Base   
UNDEFED   SHT$$INIT_ARRAY$$Limit  
00000589  SysCtlClockGet          
00000695  SysCtlClockSet          
00000d21  SysCtlDelay             
00000c15  SysCtlPWMClockSet       
00000b49  SysCtlPeripheralEnable  
00000ca7  UARTCharGetNonBlocking  
00000cff  UARTCharPut             
00000cdb  UARTCharsAvail          
00000b05  UARTConfigSetExpClk     
00000bc9  UARTDisable             
00000c29  UARTEnable              
00000d2d  UARTIntClear            
00000d13  UARTIntEnable           
000002bb  UARTIntHandler          
00000d09  UARTIntStatus           
20000200  __STACK_END             
00000200  __STACK_SIZE            
20000200  __STACK_TOP             
00000ec8  __TI_CINIT_Base         
00000ed8  __TI_CINIT_Limit        
00000eb0  __TI_Handler_Table_Base 
00000ebc  __TI_Handler_Table_Limit
0000089d  __TI_auto_init          
20000208  __TI_cleanup_ptr        
00000cb5  __TI_decompress_none    
00000d27  __TI_decompress_rle24   
2000020c  __TI_dtors_ptr          
00000000  __TI_static_base__      
00000ce7  __TI_zero_init          
00000821  __aeabi_memclr          
00000821  __aeabi_memclr4         
00000821  __aeabi_memclr8         
00000785  __aeabi_memcpy          
00000785  __aeabi_memcpy4         
00000785  __aeabi_memcpy8         
00000823  __aeabi_memset          
00000823  __aeabi_memset4         
00000823  __aeabi_memset8         
ffffffff  __binit__               
ffffffff  __c_args__              
20000000  __stack                 
00000bfd  _args_main              
000009dd  _c_int00                
20000200  _lock                   
00000c4b  _nop                    
00000c43  _register_lock          
00000c3d  _register_unlock        
00000d31  _system_pre_init        
20000204  _unlock                 
00000ac5  abort                   
ffffffff  binit                   
2000021c  command                 
00000a2d  copy_in                 
00000acd  exit                    
00000000  g_pfnVectors            
00000315  main                    
20000210  main_func_sp            
00000785  memcpy                  
00000829  memset                  


GLOBAL SYMBOLS: SORTED BY Symbol Address 

address   name                    
-------   ----                    
00000000  __TI_static_base__      
00000000  g_pfnVectors            
00000200  __STACK_SIZE            
0000026d  PWM_Init                
000002bb  UARTIntHandler          
00000315  main                    
00000459  GPIOPadConfigSet        
00000589  SysCtlClockGet          
00000695  SysCtlClockSet          
00000785  __aeabi_memcpy          
00000785  __aeabi_memcpy4         
00000785  __aeabi_memcpy8         
00000785  memcpy                  
00000821  __aeabi_memclr          
00000821  __aeabi_memclr4         
00000821  __aeabi_memclr8         
00000823  __aeabi_memset          
00000823  __aeabi_memset4         
00000823  __aeabi_memset8         
00000829  memset                  
0000089d  __TI_auto_init          
00000975  IntEnable               
000009dd  _c_int00                
00000a2d  copy_in                 
00000a79  GPIOPinConfigure        
00000ac1  C$$EXIT                 
00000ac5  abort                   
00000acd  exit                    
00000b05  UARTConfigSetExpClk     
00000b49  SysCtlPeripheralEnable  
00000b7d  GPIODirModeSet          
00000ba7  PWMGenConfigure         
00000bc9  UARTDisable             
00000be5  GPIOPinTypeGPIOOutput   
00000bfd  _args_main              
00000c15  SysCtlPWMClockSet       
00000c29  UARTEnable              
00000c3d  _register_unlock        
00000c43  _register_lock          
00000c4b  _nop                    
00000c51  GPIOPinTypePWM          
00000c63  GPIOPinTypeUART         
00000c75  PWMOutputState          
00000c87  IntMasterEnable         
00000c97  PWMGenPeriodSet         
00000ca7  UARTCharGetNonBlocking  
00000cb5  __TI_decompress_none    
00000cc3  CPUcpsie                
00000ccf  PWMGenEnable            
00000cdb  UARTCharsAvail          
00000ce7  __TI_zero_init          
00000cf3  ResetISR                
00000cff  UARTCharPut             
00000d09  UARTIntStatus           
00000d13  UARTIntEnable           
00000d1b  GPIOPinWrite            
00000d21  SysCtlDelay             
00000d27  __TI_decompress_rle24   
00000d2d  UARTIntClear            
00000d31  _system_pre_init        
00000eb0  __TI_Handler_Table_Base 
00000ebc  __TI_Handler_Table_Limit
00000ec8  __TI_CINIT_Base         
00000ed8  __TI_CINIT_Limit        
20000000  __stack                 
20000200  __STACK_END             
20000200  __STACK_TOP             
20000200  _lock                   
20000204  _unlock                 
20000208  __TI_cleanup_ptr        
2000020c  __TI_dtors_ptr          
20000210  main_func_sp            
20000214  Load                    
20000218  PWMClock                
2000021c  command                 
ffffffff  __binit__               
ffffffff  __c_args__              
ffffffff  binit                   
UNDEFED   SHT$$INIT_ARRAY$$Base   
UNDEFED   SHT$$INIT_ARRAY$$Limit  

[80 symbols]
