******************************************************************************
                  TI ARM Linker PC v16.9.6                     
******************************************************************************
>> Linked Thu Mar 22 15:06:40 2018

OUTPUT FILE NAME:   <Sumobot.out>
ENTRY POINT SYMBOL: "_c_int00"  address: 00000919


MEMORY CONFIGURATION

         name            origin    length      used     unused   attr    fill
----------------------  --------  ---------  --------  --------  ----  --------
  FLASH                 00000000   00040000  00000dae  0003f252  R  X
  SRAM                  20000000   00008000  00000219  00007de7  RW X


SEGMENT ALLOCATION MAP

run origin  load origin   length   init length attrs members
----------  ----------- ---------- ----------- ----- -------
00000000    00000000    00000db0   00000db0    r-x
  00000000    00000000    0000026c   0000026c    r-- .intvecs
  0000026c    0000026c    0000099e   0000099e    r-x .text
  00000c0c    00000c0c    0000016c   0000016c    r-- .const
  00000d78    00000d78    00000038   00000038    r-- .cinit
20000000    20000000    00000219   00000000    rw-
  20000000    20000000    00000200   00000000    rw- .stack
  20000200    20000200    00000018   00000000    rw- .data
  20000218    20000218    00000001   00000000    rw- .bss


SECTION ALLOCATION MAP

 output                                  attributes/
section   page    origin      length       input sections
--------  ----  ----------  ----------   ----------------
.intvecs   0    00000000    0000026c     
                  00000000    0000026c     tm4c123gh6pm_startup_ccs.obj (.intvecs)

.text      0    0000026c    0000099e     
                  0000026c    00000130     driverlib.lib : gpio.obj (.text:GPIOPadConfigSet)
                  0000039c    00000128     main.obj (.text)
                  000004c4    0000010c     driverlib.lib : sysctl.obj (.text:SysCtlClockGet)
                  000005d0    000000f0                   : sysctl.obj (.text:SysCtlClockSet)
                  000006c0    0000009c     rtsv7M4_T_le_v4SPD16_eabi.lib : memcpy_t2.obj (.text)
                  0000075c    0000007a                                   : memset_t2.obj (.text)
                  000007d6    00000002                                   : mpu_init.obj (.text)
                  000007d8    00000070                                   : autoinit.obj (.text)
                  00000848    00000068     driverlib.lib : interrupt.obj (.text:IntEnable)
                  000008b0    00000068     rtsv7M4_T_le_v4SPD16_eabi.lib : copy_decompress_lzss.obj (.text:decompress:lzss)
                  00000918    00000054                                   : boot.obj (.text)
                  0000096c    00000054                                   : exit.obj (.text)
                  000009c0    0000004c                                   : cpy_tbl.obj (.text)
                  00000a0c    00000048     driverlib.lib : gpio.obj (.text:GPIOPinConfigure)
                  00000a54    00000042                   : uart.obj (.text:UARTConfigSetExpClk)
                  00000a96    00000002     rtsv7M4_T_le_v4SPD16_eabi.lib : startup.obj (.text)
                  00000a98    00000034     driverlib.lib : sysctl.obj (.text:SysCtlPeripheralEnable)
                  00000acc    0000002a                   : gpio.obj (.text:GPIODirModeSet)
                  00000af6    00000002     --HOLE-- [fill = 0]
                  00000af8    0000001c                   : uart.obj (.text:UARTDisable)
                  00000b14    00000018                   : gpio.obj (.text:GPIOPinTypeGPIOOutput)
                  00000b2c    00000018     rtsv7M4_T_le_v4SPD16_eabi.lib : args_main.obj (.text)
                  00000b44    00000014     driverlib.lib : uart.obj (.text:UARTEnable)
                  00000b58    00000014     rtsv7M4_T_le_v4SPD16_eabi.lib : _lock.obj (.text)
                  00000b6c    00000012     driverlib.lib : gpio.obj (.text:GPIOPinTypeUART)
                  00000b7e    00000010                   : interrupt.obj (.text:IntMasterEnable)
                  00000b8e    0000000e                   : uart.obj (.text:UARTCharGetNonBlocking)
                  00000b9c    0000000e     rtsv7M4_T_le_v4SPD16_eabi.lib : copy_decompress_none.obj (.text:decompress:none)
                  00000baa    0000000c     driverlib.lib : cpu.obj (.text:CPUcpsie)
                  00000bb6    0000000c                   : uart.obj (.text:UARTCharsAvail)
                  00000bc2    0000000c     rtsv7M4_T_le_v4SPD16_eabi.lib : copy_zero_init.obj (.text:decompress:ZI)
                  00000bce    0000000c     tm4c123gh6pm_startup_ccs.obj (.text)
                  00000bda    0000000a     driverlib.lib : uart.obj (.text:UARTCharPut)
                  00000be4    0000000a                   : uart.obj (.text:UARTIntStatus)
                  00000bee    00000008                   : uart.obj (.text:UARTIntEnable)
                  00000bf6    00000006                   : gpio.obj (.text:GPIOPinWrite)
                  00000bfc    00000006                   : sysctl.obj (.text:SysCtlDelay)
                  00000c02    00000004                   : uart.obj (.text:UARTIntClear)
                  00000c06    00000004     rtsv7M4_T_le_v4SPD16_eabi.lib : pre_init.obj (.text)

.const     0    00000c0c    0000016c     
                  00000c0c    00000090     driverlib.lib : gpio.obj (.const:g_pui32GPIOBaseAddrs)
                  00000c9c    00000070                   : interrupt.obj (.const)
                  00000d0c    0000006c                   : sysctl.obj (.const:g_pui32Xtals)

.cinit     0    00000d78    00000038     
                  00000d78    00000011     (.cinit..data.load) [load image, compression = lzss]
                  00000d89    00000003     --HOLE-- [fill = 0]
                  00000d8c    0000000c     (__TI_handler_table)
                  00000d98    00000008     (.cinit..bss.load) [load image, compression = zero_init]
                  00000da0    00000010     (__TI_cinit_table)

.init_array 
*          0    00000000    00000000     UNINITIALIZED

.stack     0    20000000    00000200     UNINITIALIZED
                  20000000    00000200     --HOLE--

.data      0    20000200    00000018     UNINITIALIZED
                  20000200    0000000c     rtsv7M4_T_le_v4SPD16_eabi.lib : exit.obj (.data:$O1$$)
                  2000020c    00000008                                   : _lock.obj (.data:$O1$$)
                  20000214    00000004                                   : stkdepth_vars.obj (.data)

.bss       0    20000218    00000001     UNINITIALIZED
                  20000218    00000001     (.common:command)

MODULE SUMMARY

       Module                         code   ro data   rw data
       ------                         ----   -------   -------
    .\
       tm4c123gh6pm_startup_ccs.obj   12     620       0      
       main.obj                       296    0         1      
    +--+------------------------------+------+---------+---------+
       Total:                         308    620       1      
                                                              
    ../driverlib.lib
       sysctl.obj                     566    108       0      
       gpio.obj                       466    144       0      
       interrupt.obj                  120    112       0      
       uart.obj                       172    0         0      
       cpu.obj                        12     0         0      
    +--+------------------------------+------+---------+---------+
       Total:                         1336   364       0      
                                                              
    C:\ti\ccsv7\tools\compiler\ti-cgt-arm_16.9.6.LTS\lib\rtsv7M4_T_le_v4SPD16_eabi.lib
       memcpy_t2.obj                  156    0         0      
       memset_t2.obj                  122    0         0      
       autoinit.obj                   112    0         0      
       copy_decompress_lzss.obj       104    0         0      
       exit.obj                       84     0         12     
       boot.obj                       84     0         0      
       cpy_tbl.obj                    76     0         0      
       _lock.obj                      20     0         8      
       args_main.obj                  24     0         0      
       copy_decompress_none.obj       14     0         0      
       copy_zero_init.obj             12     0         0      
       pre_init.obj                   4      0         0      
       stkdepth_vars.obj              0      0         4      
       mpu_init.obj                   2      0         0      
       startup.obj                    2      0         0      
    +--+------------------------------+------+---------+---------+
       Total:                         816    0         24     
                                                              
       Stack:                         0      0         512    
       Linker Generated:              0      53        0      
    +--+------------------------------+------+---------+---------+
       Grand Total:                   2460   1037      537    


LINKER GENERATED COPY TABLES

__TI_cinit_table @ 00000da0 records: 2, size/record: 8, table size: 16
	.data: load addr=00000d78, load size=00000011 bytes, run addr=20000200, run size=00000018 bytes, compression=lzss
	.bss: load addr=00000d98, load size=00000008 bytes, run addr=20000218, run size=00000001 bytes, compression=zero_init


LINKER GENERATED HANDLER TABLE

__TI_handler_table @ 00000d8c records: 3, size/record: 4, table size: 12
	index: 0, handler: __TI_decompress_lzss
	index: 1, handler: __TI_decompress_none
	index: 2, handler: __TI_zero_init


GLOBAL SYMBOLS: SORTED ALPHABETICALLY BY Name 

address   name                           
-------   ----                           
0000096d  C$$EXIT                        
00000bab  CPUcpsie                       
00000acd  GPIODirModeSet                 
0000026d  GPIOPadConfigSet               
00000a0d  GPIOPinConfigure               
00000b15  GPIOPinTypeGPIOOutput          
00000b6d  GPIOPinTypeUART                
00000bf7  GPIOPinWrite                   
00000849  IntEnable                      
00000b7f  IntMasterEnable                
00000bcf  ResetISR                       
UNDEFED   SHT$$INIT_ARRAY$$Base          
UNDEFED   SHT$$INIT_ARRAY$$Limit         
000004c5  SysCtlClockGet                 
000005d1  SysCtlClockSet                 
00000bfd  SysCtlDelay                    
00000a99  SysCtlPeripheralEnable         
00000b8f  UARTCharGetNonBlocking         
00000bdb  UARTCharPut                    
00000bb7  UARTCharsAvail                 
00000a55  UARTConfigSetExpClk            
00000af9  UARTDisable                    
00000b45  UARTEnable                     
00000c03  UARTIntClear                   
00000bef  UARTIntEnable                  
0000039d  UARTIntHandler                 
00000be5  UARTIntStatus                  
20000200  __STACK_END                    
00000200  __STACK_SIZE                   
20000200  __STACK_TOP                    
00000da0  __TI_CINIT_Base                
00000db0  __TI_CINIT_Limit               
00000d8c  __TI_Handler_Table_Base        
00000d98  __TI_Handler_Table_Limit       
000007d9  __TI_auto_init                 
20000200  __TI_cleanup_ptr               
000008b1  __TI_decompress_lzss           
00000b9d  __TI_decompress_none           
20000204  __TI_dtors_ptr                 
20000208  __TI_enable_exit_profile_output
ffffffff  __TI_pprof_out_hndl            
ffffffff  __TI_prof_data_size            
ffffffff  __TI_prof_data_start           
00000000  __TI_static_base__             
00000bc3  __TI_zero_init                 
0000075d  __aeabi_memclr                 
0000075d  __aeabi_memclr4                
0000075d  __aeabi_memclr8                
000006c1  __aeabi_memcpy                 
000006c1  __aeabi_memcpy4                
000006c1  __aeabi_memcpy8                
0000075f  __aeabi_memset                 
0000075f  __aeabi_memset4                
0000075f  __aeabi_memset8                
ffffffff  __binit__                      
ffffffff  __c_args__                     
000007d7  __mpu_init                     
20000000  __stack                        
00000b2d  _args_main                     
00000919  _c_int00                       
2000020c  _lock                          
00000b67  _nop                           
00000b5f  _register_lock                 
00000b59  _register_unlock               
00000a97  _system_post_cinit             
00000c07  _system_pre_init               
20000210  _unlock                        
00000971  abort                          
ffffffff  binit                          
20000218  command                        
000009c1  copy_in                        
00000979  exit                           
00000000  g_pfnVectors                   
000003e3  main                           
20000214  main_func_sp                   
000006c1  memcpy                         
00000765  memset                         


GLOBAL SYMBOLS: SORTED BY Symbol Address 

address   name                           
-------   ----                           
00000000  __TI_static_base__             
00000000  g_pfnVectors                   
00000200  __STACK_SIZE                   
0000026d  GPIOPadConfigSet               
0000039d  UARTIntHandler                 
000003e3  main                           
000004c5  SysCtlClockGet                 
000005d1  SysCtlClockSet                 
000006c1  __aeabi_memcpy                 
000006c1  __aeabi_memcpy4                
000006c1  __aeabi_memcpy8                
000006c1  memcpy                         
0000075d  __aeabi_memclr                 
0000075d  __aeabi_memclr4                
0000075d  __aeabi_memclr8                
0000075f  __aeabi_memset                 
0000075f  __aeabi_memset4                
0000075f  __aeabi_memset8                
00000765  memset                         
000007d7  __mpu_init                     
000007d9  __TI_auto_init                 
00000849  IntEnable                      
000008b1  __TI_decompress_lzss           
00000919  _c_int00                       
0000096d  C$$EXIT                        
00000971  abort                          
00000979  exit                           
000009c1  copy_in                        
00000a0d  GPIOPinConfigure               
00000a55  UARTConfigSetExpClk            
00000a97  _system_post_cinit             
00000a99  SysCtlPeripheralEnable         
00000acd  GPIODirModeSet                 
00000af9  UARTDisable                    
00000b15  GPIOPinTypeGPIOOutput          
00000b2d  _args_main                     
00000b45  UARTEnable                     
00000b59  _register_unlock               
00000b5f  _register_lock                 
00000b67  _nop                           
00000b6d  GPIOPinTypeUART                
00000b7f  IntMasterEnable                
00000b8f  UARTCharGetNonBlocking         
00000b9d  __TI_decompress_none           
00000bab  CPUcpsie                       
00000bb7  UARTCharsAvail                 
00000bc3  __TI_zero_init                 
00000bcf  ResetISR                       
00000bdb  UARTCharPut                    
00000be5  UARTIntStatus                  
00000bef  UARTIntEnable                  
00000bf7  GPIOPinWrite                   
00000bfd  SysCtlDelay                    
00000c03  UARTIntClear                   
00000c07  _system_pre_init               
00000d8c  __TI_Handler_Table_Base        
00000d98  __TI_Handler_Table_Limit       
00000da0  __TI_CINIT_Base                
00000db0  __TI_CINIT_Limit               
20000000  __stack                        
20000200  __STACK_END                    
20000200  __STACK_TOP                    
20000200  __TI_cleanup_ptr               
20000204  __TI_dtors_ptr                 
20000208  __TI_enable_exit_profile_output
2000020c  _lock                          
20000210  _unlock                        
20000214  main_func_sp                   
20000218  command                        
ffffffff  __TI_pprof_out_hndl            
ffffffff  __TI_prof_data_size            
ffffffff  __TI_prof_data_start           
ffffffff  __binit__                      
ffffffff  __c_args__                     
ffffffff  binit                          
UNDEFED   SHT$$INIT_ARRAY$$Base          
UNDEFED   SHT$$INIT_ARRAY$$Limit         

[77 symbols]
